// Jest Snapshot v1, https://goo.gl/fbAQLP

exports[`test LedgerForm component should render the component to match the snapshot 1`] = `ShallowWrapper {}`;

exports[`test LedgerForm component should render the component to match the snapshot 2`] = `ShallowWrapper {}`;
