// Jest Snapshot v1, https://goo.gl/fbAQLP

exports[`test LedgerList component should render component to match snapshot 1`] = `ShallowWrapper {}`;
